// Jest Snapshot v1, https://goo.gl/fbAQLP

exports[`renders a basic table 1`] = `
<DocumentFragment>
  <table
    class=""
  >
    <thead>
      <tr
        class=""
      >
        <th
          class=""
          colspan="2"
        >
          Name
        </th>
        <th
          class=""
          colspan="4"
        >
          Info
        </th>
      </tr>
      <tr
        class=""
      >
        <th
          class=""
          colspan="1"
        >
          First Name
        </th>
        <th
          class=""
          colspan="1"
        >
          Last Name
        </th>
        <th
          class=""
          colspan="1"
        >
          Age
        </th>
        <th
          class=""
          colspan="1"
        >
          Visits
        </th>
        <th
          class=""
          colspan="1"
        >
          Status
        </th>
        <th
          class=""
          colspan="1"
        >
          Profile Progress
        </th>
      </tr>
    </thead>
    <tbody
      class=""
    >
      <tr
        class=""
      >
        <td
          class=""
        >
          tanner
        </td>
        <td
          class=""
        >
          linsley
        </td>
        <td
          class=""
        >
          29
        </td>
        <td
          class=""
        >
          100
        </td>
        <td
          class=""
        >
          In Relationship
        </td>
        <td
          class=""
        >
          50
        </td>
      </tr>
      <tr
        class=""
      >
        <td
          class=""
        >
          derek
        </td>
        <td
          class=""
        >
          perkins
        </td>
        <td
          class=""
        >
          40
        </td>
        <td
          class=""
        >
          40
        </td>
        <td
          class=""
        >
          Single
        </td>
        <td
          class=""
        >
          80
        </td>
      </tr>
      <tr
        class=""
      >
        <td
          class=""
        >
          joe
        </td>
        <td
          class=""
        >
          bergevin
        </td>
        <td
          class=""
        >
          45
        </td>
        <td
          class=""
        >
          20
        </td>
        <td
          class=""
        >
          Complicated
        </td>
        <td
          class=""
        >
          10
        </td>
      </tr>
    </tbody>
  </table>
</DocumentFragment>
`;
