// Jest Snapshot v1, https://goo.gl/fbAQLP

exports[`renders a groupable table 1`] = `
Snapshot Diff:
- First value
+ Second value

@@ -29,13 +29,13 @@
            <span
              class=""
              style="cursor: pointer;"
              title="Toggle GroupBy"
            >
-             ðŸ‘Š
+             ðŸ›‘
            </span>
-           First Name
+           Last Name
          </th>
          <th
            class=""
            colspan="1"
          >
@@ -44,11 +44,11 @@
              style="cursor: pointer;"
              title="Toggle GroupBy"
            >
              ðŸ‘Š
            </span>
-           Last Name
+           First Name
          </th>
          <th
            class=""
            colspan="1"
          >
@@ -109,138 +109,119 @@
          class=""
        >
          <td
            class=""
          >
-           firstName: tanner
-         </td>
-         <td
-           class=""
+           <span
+             style="cursor: pointer;"
            >
-           lastName: linsley
-         </td>
-         <td
-           class=""
-         >
-           age: 29
-         </td>
-         <td
-           class=""
-         >
-           visits: 100
-         </td>
-         <td
-           class=""
-         >
-           status: In Relationship
+             ðŸ‘‰
+           </span>
+           lastName: linsley (2)
          </td>
          <td
            class=""
          >
-           progress: 50
-         </td>
-       </tr>
-       <tr
-         class=""
-       >
-         <td
-           class=""
-         >
-           firstName: derek
-         </td>
-         <td
-           class=""
-         >
-           lastName: perkins
+           2 Names
          </td>
          <td
            class=""
          >
-           age: 40
+           27.5 (avg)
          </td>
          <td
            class=""
          >
-           visits: 40
+           199 (total)
          </td>
          <td
            class=""
          >
-           status: Single
+           status: null
          </td>
          <td
            class=""
          >
-           progress: 80
+           60 (med)
          </td>
        </tr>
        <tr
          class=""
        >
          <td
            class=""
          >
-           firstName: joe
+           <span
+             style="cursor: pointer;"
+           >
+             ðŸ‘‰
+           </span>
+           lastName: perkins (1)
          </td>
          <td
            class=""
          >
-           lastName: bergevin
+           1 Names
          </td>
          <td
            class=""
          >
-           age: 45
+           40 (avg)
          </td>
          <td
            class=""
          >
-           visits: 20
+           40 (total)
          </td>
          <td
            class=""
          >
-           status: Complicated
+           status: null
          </td>
          <td
            class=""
          >
-           progress: 10
+           80 (med)
          </td>
        </tr>
        <tr
          class=""
        >
          <td
            class=""
          >
-           firstName: jaylen
+           <span
+             style="cursor: pointer;"
+           >
+             ðŸ‘‰
+           </span>
+           lastName: bergevin (1)
          </td>
          <td
            class=""
          >
-           lastName: linsley
+           1 Names
          </td>
          <td
            class=""
          >
-           age: 26
+           45 (avg)
          </td>
          <td
            class=""
          >
-           visits: 99
+           20 (total)
          </td>
          <td
            class=""
          >
-           status: In Relationship
+           status: null
          </td>
          <td
            class=""
          >
-           progress: 70
+           10 (med)
          </td>
        </tr>
      </tbody>
    </table>
  </DocumentFragment>
`;

exports[`renders a groupable table 2`] = `
Snapshot Diff:
- First value
+ Second value

@@ -6,17 +6,29 @@
        <tr
          class=""
        >
          <th
            class=""
-           colspan="2"
+           colspan="1"
          >
            Name
          </th>
          <th
            class=""
-           colspan="4"
+           colspan="1"
+         >
+           Info
+         </th>
+         <th
+           class=""
+           colspan="1"
+         >
+           Name
+         </th>
+         <th
+           class=""
+           colspan="3"
          >
            Info
          </th>
        </tr>
        <tr
@@ -42,13 +54,13 @@
            <span
              class=""
              style="cursor: pointer;"
              title="Toggle GroupBy"
            >
-             ðŸ‘Š
+             ðŸ›‘
            </span>
-           First Name
+           Visits
          </th>
          <th
            class=""
            colspan="1"
          >
@@ -57,11 +69,11 @@
              style="cursor: pointer;"
              title="Toggle GroupBy"
            >
              ðŸ‘Š
            </span>
-           Age
+           First Name
          </th>
          <th
            class=""
            colspan="1"
          >
@@ -70,11 +82,11 @@
              style="cursor: pointer;"
              title="Toggle GroupBy"
            >
              ðŸ‘Š
            </span>
-           Visits
+           Age
          </th>
          <th
            class=""
            colspan="1"
          >
@@ -116,10 +128,13 @@
            >
              ðŸ‘‰
            </span>
            lastName: linsley (2)
          </td>
+         <td
+           class=""
+         />
          <td
            class=""
          >
            2 Names
          </td>
@@ -129,15 +144,10 @@
            27.5 (avg)
          </td>
          <td
            class=""
          >
-           199 (total)
-         </td>
-         <td
-           class=""
-         >
            status: null
          </td>
          <td
            class=""
          >
@@ -157,22 +167,20 @@
            </span>
            lastName: perkins (1)
          </td>
          <td
            class=""
-         >
-           1 Names
-         </td>
+         />
          <td
            class=""
          >
-           40 (avg)
+           1 Names
          </td>
          <td
            class=""
          >
-           40 (total)
+           40 (avg)
          </td>
          <td
            class=""
          >
            status: null
@@ -196,22 +204,20 @@
            </span>
            lastName: bergevin (1)
          </td>
          <td
            class=""
-         >
-           1 Names
-         </td>
+         />
          <td
            class=""
          >
-           45 (avg)
+           1 Names
          </td>
          <td
            class=""
          >
-           20 (total)
+           45 (avg)
          </td>
          <td
            class=""
          >
            status: null
`;
